{
  error: NodeError: write after end
      at writeAfterEnd (/var/www/Cosaif/node_modules/readable-stream/lib/_stream_writable.js:264:12)
      at Writable.write (/var/www/Cosaif/node_modules/readable-stream/lib/_stream_writable.js:300:21)
      at File.log (/var/www/Cosaif/node_modules/winston/lib/winston/transports/file.js:222:34)
      at RejectionStream._write (/var/www/Cosaif/node_modules/winston/lib/winston/rejection-stream.js:46:29)
      at doWrite (/var/www/Cosaif/node_modules/readable-stream/lib/_stream_writable.js:390:139)
      at writeOrBuffer (/var/www/Cosaif/node_modules/readable-stream/lib/_stream_writable.js:381:5)
      at Writable.write (/var/www/Cosaif/node_modules/readable-stream/lib/_stream_writable.js:302:11)
      at DerivedLogger.ondata (/var/www/Cosaif/node_modules/readable-stream/lib/_stream_readable.js:629:20)
      at DerivedLogger.emit (node:events:536:35)
      at addChunk (/var/www/Cosaif/node_modules/readable-stream/lib/_stream_readable.js:279:12),
  level: 'error',
  message: 'uncaughtException: write after end\n' +
    'Error: write after end\n' +
    '    at writeAfterEnd (/var/www/Cosaif/node_modules/readable-stream/lib/_stream_writable.js:264:12)\n' +
    '    at Writable.write (/var/www/Cosaif/node_modules/readable-stream/lib/_stream_writable.js:300:21)\n' +
    '    at File.log (/var/www/Cosaif/node_modules/winston/lib/winston/transports/file.js:222:34)\n' +
    '    at RejectionStream._write (/var/www/Cosaif/node_modules/winston/lib/winston/rejection-stream.js:46:29)\n' +
    '    at doWrite (/var/www/Cosaif/node_modules/readable-stream/lib/_stream_writable.js:390:139)\n' +
    '    at writeOrBuffer (/var/www/Cosaif/node_modules/readable-stream/lib/_stream_writable.js:381:5)\n' +
    '    at Writable.write (/var/www/Cosaif/node_modules/readable-stream/lib/_stream_writable.js:302:11)\n' +
    '    at DerivedLogger.ondata (/var/www/Cosaif/node_modules/readable-stream/lib/_stream_readable.js:629:20)\n' +
    '    at DerivedLogger.emit (node:events:536:35)\n' +
    '    at addChunk (/var/www/Cosaif/node_modules/readable-stream/lib/_stream_readable.js:279:12)',
  stack: 'Error: write after end\n' +
    '    at writeAfterEnd (/var/www/Cosaif/node_modules/readable-stream/lib/_stream_writable.js:264:12)\n' +
    '    at Writable.write (/var/www/Cosaif/node_modules/readable-stream/lib/_stream_writable.js:300:21)\n' +
    '    at File.log (/var/www/Cosaif/node_modules/winston/lib/winston/transports/file.js:222:34)\n' +
    '    at RejectionStream._write (/var/www/Cosaif/node_modules/winston/lib/winston/rejection-stream.js:46:29)\n' +
    '    at doWrite (/var/www/Cosaif/node_modules/readable-stream/lib/_stream_writable.js:390:139)\n' +
    '    at writeOrBuffer (/var/www/Cosaif/node_modules/readable-stream/lib/_stream_writable.js:381:5)\n' +
    '    at Writable.write (/var/www/Cosaif/node_modules/readable-stream/lib/_stream_writable.js:302:11)\n' +
    '    at DerivedLogger.ondata (/var/www/Cosaif/node_modules/readable-stream/lib/_stream_readable.js:629:20)\n' +
    '    at DerivedLogger.emit (node:events:536:35)\n' +
    '    at addChunk (/var/www/Cosaif/node_modules/readable-stream/lib/_stream_readable.js:279:12)',
  exception: true,
  date: 'Thu Jul 24 2025 16:40:24 GMT+0000 (Coordinated Universal Time)',
  process: {
    pid: 274292,
    uid: 0,
    gid: 0,
    cwd: '/var/www/Cosaif',
    execPath: '/usr/bin/node',
    version: 'v20.19.2',
    argv: [
      '/usr/bin/node',
      '/usr/lib/node_modules/pm2/lib/ProcessContainerFork.js'
    ],
    memoryUsage: {
      rss: 107745280,
      heapTotal: 55894016,
      heapUsed: 28893944,
      external: 2984554,
      arrayBuffers: 467976
    }
  },
  os: { loadavg: [ 0.06, 0.03, 0 ], uptime: 2508623.44 },
  trace: [
    {
      column: 12,
      file: '/var/www/Cosaif/node_modules/readable-stream/lib/_stream_writable.js',
      function: 'writeAfterEnd',
      line: 264,
      method: null,
      native: false
    },
    {
      column: 21,
      file: '/var/www/Cosaif/node_modules/readable-stream/lib/_stream_writable.js',
      function: 'Writable.write',
      line: 300,
      method: 'write',
      native: false
    },
    {
      column: 34,
      file: '/var/www/Cosaif/node_modules/winston/lib/winston/transports/file.js',
      function: 'File.log',
      line: 222,
      method: 'log',
      native: false
    },
    {
      column: 29,
      file: '/var/www/Cosaif/node_modules/winston/lib/winston/rejection-stream.js',
      function: 'RejectionStream._write',
      line: 46,
      method: '_write',
      native: false
    },
    {
      column: 139,
      file: '/var/www/Cosaif/node_modules/readable-stream/lib/_stream_writable.js',
      function: 'doWrite',
      line: 390,
      method: null,
      native: false
    },
    {
      column: 5,
      file: '/var/www/Cosaif/node_modules/readable-stream/lib/_stream_writable.js',
      function: 'writeOrBuffer',
      line: 381,
      method: null,
      native: false
    },
    {
      column: 11,
      file: '/var/www/Cosaif/node_modules/readable-stream/lib/_stream_writable.js',
      function: 'Writable.write',
      line: 302,
      method: 'write',
      native: false
    },
    {
      column: 20,
      file: '/var/www/Cosaif/node_modules/readable-stream/lib/_stream_readable.js',
      function: 'DerivedLogger.ondata',
      line: 629,
      method: 'ondata',
      native: false
    },
    {
      column: 35,
      file: 'node:events',
      function: 'DerivedLogger.emit',
      line: 536,
      method: 'emit',
      native: false
    },
    {
      column: 12,
      file: '/var/www/Cosaif/node_modules/readable-stream/lib/_stream_readable.js',
      function: 'addChunk',
      line: 279,
      method: null,
      native: false
    }
  ],
  service: 'IncidenteModel',
  module: 'Movimientos/Incidente',
  timestamp: '2025-07-24 16:40:24'
}
{
  error: NodeError: write after end
      at writeAfterEnd (/var/www/Cosaif/node_modules/readable-stream/lib/_stream_writable.js:264:12)
      at Writable.write (/var/www/Cosaif/node_modules/readable-stream/lib/_stream_writable.js:300:21)
      at File.log (/var/www/Cosaif/node_modules/winston/lib/winston/transports/file.js:222:34)
      at RejectionStream._write (/var/www/Cosaif/node_modules/winston/lib/winston/rejection-stream.js:46:29)
      at doWrite (/var/www/Cosaif/node_modules/readable-stream/lib/_stream_writable.js:390:139)
      at writeOrBuffer (/var/www/Cosaif/node_modules/readable-stream/lib/_stream_writable.js:381:5)
      at Writable.write (/var/www/Cosaif/node_modules/readable-stream/lib/_stream_writable.js:302:11)
      at DerivedLogger.ondata (/var/www/Cosaif/node_modules/readable-stream/lib/_stream_readable.js:629:20)
      at DerivedLogger.emit (node:events:536:35)
      at addChunk (/var/www/Cosaif/node_modules/readable-stream/lib/_stream_readable.js:279:12),
  level: 'error',
  message: 'uncaughtException: write after end\n' +
    'Error: write after end\n' +
    '    at writeAfterEnd (/var/www/Cosaif/node_modules/readable-stream/lib/_stream_writable.js:264:12)\n' +
    '    at Writable.write (/var/www/Cosaif/node_modules/readable-stream/lib/_stream_writable.js:300:21)\n' +
    '    at File.log (/var/www/Cosaif/node_modules/winston/lib/winston/transports/file.js:222:34)\n' +
    '    at RejectionStream._write (/var/www/Cosaif/node_modules/winston/lib/winston/rejection-stream.js:46:29)\n' +
    '    at doWrite (/var/www/Cosaif/node_modules/readable-stream/lib/_stream_writable.js:390:139)\n' +
    '    at writeOrBuffer (/var/www/Cosaif/node_modules/readable-stream/lib/_stream_writable.js:381:5)\n' +
    '    at Writable.write (/var/www/Cosaif/node_modules/readable-stream/lib/_stream_writable.js:302:11)\n' +
    '    at DerivedLogger.ondata (/var/www/Cosaif/node_modules/readable-stream/lib/_stream_readable.js:629:20)\n' +
    '    at DerivedLogger.emit (node:events:536:35)\n' +
    '    at addChunk (/var/www/Cosaif/node_modules/readable-stream/lib/_stream_readable.js:279:12)',
  stack: 'Error: write after end\n' +
    '    at writeAfterEnd (/var/www/Cosaif/node_modules/readable-stream/lib/_stream_writable.js:264:12)\n' +
    '    at Writable.write (/var/www/Cosaif/node_modules/readable-stream/lib/_stream_writable.js:300:21)\n' +
    '    at File.log (/var/www/Cosaif/node_modules/winston/lib/winston/transports/file.js:222:34)\n' +
    '    at RejectionStream._write (/var/www/Cosaif/node_modules/winston/lib/winston/rejection-stream.js:46:29)\n' +
    '    at doWrite (/var/www/Cosaif/node_modules/readable-stream/lib/_stream_writable.js:390:139)\n' +
    '    at writeOrBuffer (/var/www/Cosaif/node_modules/readable-stream/lib/_stream_writable.js:381:5)\n' +
    '    at Writable.write (/var/www/Cosaif/node_modules/readable-stream/lib/_stream_writable.js:302:11)\n' +
    '    at DerivedLogger.ondata (/var/www/Cosaif/node_modules/readable-stream/lib/_stream_readable.js:629:20)\n' +
    '    at DerivedLogger.emit (node:events:536:35)\n' +
    '    at addChunk (/var/www/Cosaif/node_modules/readable-stream/lib/_stream_readable.js:279:12)',
  exception: true,
  date: 'Thu Jul 24 2025 16:40:30 GMT+0000 (Coordinated Universal Time)',
  process: {
    pid: 274424,
    uid: 0,
    gid: 0,
    cwd: '/var/www/Cosaif',
    execPath: '/usr/bin/node',
    version: 'v20.19.2',
    argv: [
      '/usr/bin/node',
      '/usr/lib/node_modules/pm2/lib/ProcessContainerFork.js'
    ],
    memoryUsage: {
      rss: 108228608,
      heapTotal: 57466880,
      heapUsed: 23158352,
      external: 2970779,
      arrayBuffers: 454201
    }
  },
  os: { loadavg: [ 0.66, 0.16, 0.05 ], uptime: 2508629.54 },
  trace: [
    {
      column: 12,
      file: '/var/www/Cosaif/node_modules/readable-stream/lib/_stream_writable.js',
      function: 'writeAfterEnd',
      line: 264,
      method: null,
      native: false
    },
    {
      column: 21,
      file: '/var/www/Cosaif/node_modules/readable-stream/lib/_stream_writable.js',
      function: 'Writable.write',
      line: 300,
      method: 'write',
      native: false
    },
    {
      column: 34,
      file: '/var/www/Cosaif/node_modules/winston/lib/winston/transports/file.js',
      function: 'File.log',
      line: 222,
      method: 'log',
      native: false
    },
    {
      column: 29,
      file: '/var/www/Cosaif/node_modules/winston/lib/winston/rejection-stream.js',
      function: 'RejectionStream._write',
      line: 46,
      method: '_write',
      native: false
    },
    {
      column: 139,
      file: '/var/www/Cosaif/node_modules/readable-stream/lib/_stream_writable.js',
      function: 'doWrite',
      line: 390,
      method: null,
      native: false
    },
    {
      column: 5,
      file: '/var/www/Cosaif/node_modules/readable-stream/lib/_stream_writable.js',
      function: 'writeOrBuffer',
      line: 381,
      method: null,
      native: false
    },
    {
      column: 11,
      file: '/var/www/Cosaif/node_modules/readable-stream/lib/_stream_writable.js',
      function: 'Writable.write',
      line: 302,
      method: 'write',
      native: false
    },
    {
      column: 20,
      file: '/var/www/Cosaif/node_modules/readable-stream/lib/_stream_readable.js',
      function: 'DerivedLogger.ondata',
      line: 629,
      method: 'ondata',
      native: false
    },
    {
      column: 35,
      file: 'node:events',
      function: 'DerivedLogger.emit',
      line: 536,
      method: 'emit',
      native: false
    },
    {
      column: 12,
      file: '/var/www/Cosaif/node_modules/readable-stream/lib/_stream_readable.js',
      function: 'addChunk',
      line: 279,
      method: null,
      native: false
    }
  ],
  service: 'IncidenteModel',
  module: 'Movimientos/Incidente',
  timestamp: '2025-07-24 16:40:30'
}
{
  error: NodeError: write after end
      at writeAfterEnd (/var/www/Cosaif/node_modules/readable-stream/lib/_stream_writable.js:264:12)
      at Writable.write (/var/www/Cosaif/node_modules/readable-stream/lib/_stream_writable.js:300:21)
      at File.log (/var/www/Cosaif/node_modules/winston/lib/winston/transports/file.js:222:34)
      at RejectionStream._write (/var/www/Cosaif/node_modules/winston/lib/winston/rejection-stream.js:46:29)
      at doWrite (/var/www/Cosaif/node_modules/readable-stream/lib/_stream_writable.js:390:139)
      at writeOrBuffer (/var/www/Cosaif/node_modules/readable-stream/lib/_stream_writable.js:381:5)
      at Writable.write (/var/www/Cosaif/node_modules/readable-stream/lib/_stream_writable.js:302:11)
      at DerivedLogger.ondata (/var/www/Cosaif/node_modules/readable-stream/lib/_stream_readable.js:629:20)
      at DerivedLogger.emit (node:events:536:35)
      at addChunk (/var/www/Cosaif/node_modules/readable-stream/lib/_stream_readable.js:279:12),
  level: 'error',
  message: 'uncaughtException: write after end\n' +
    'Error: write after end\n' +
    '    at writeAfterEnd (/var/www/Cosaif/node_modules/readable-stream/lib/_stream_writable.js:264:12)\n' +
    '    at Writable.write (/var/www/Cosaif/node_modules/readable-stream/lib/_stream_writable.js:300:21)\n' +
    '    at File.log (/var/www/Cosaif/node_modules/winston/lib/winston/transports/file.js:222:34)\n' +
    '    at RejectionStream._write (/var/www/Cosaif/node_modules/winston/lib/winston/rejection-stream.js:46:29)\n' +
    '    at doWrite (/var/www/Cosaif/node_modules/readable-stream/lib/_stream_writable.js:390:139)\n' +
    '    at writeOrBuffer (/var/www/Cosaif/node_modules/readable-stream/lib/_stream_writable.js:381:5)\n' +
    '    at Writable.write (/var/www/Cosaif/node_modules/readable-stream/lib/_stream_writable.js:302:11)\n' +
    '    at DerivedLogger.ondata (/var/www/Cosaif/node_modules/readable-stream/lib/_stream_readable.js:629:20)\n' +
    '    at DerivedLogger.emit (node:events:536:35)\n' +
    '    at addChunk (/var/www/Cosaif/node_modules/readable-stream/lib/_stream_readable.js:279:12)',
  stack: 'Error: write after end\n' +
    '    at writeAfterEnd (/var/www/Cosaif/node_modules/readable-stream/lib/_stream_writable.js:264:12)\n' +
    '    at Writable.write (/var/www/Cosaif/node_modules/readable-stream/lib/_stream_writable.js:300:21)\n' +
    '    at File.log (/var/www/Cosaif/node_modules/winston/lib/winston/transports/file.js:222:34)\n' +
    '    at RejectionStream._write (/var/www/Cosaif/node_modules/winston/lib/winston/rejection-stream.js:46:29)\n' +
    '    at doWrite (/var/www/Cosaif/node_modules/readable-stream/lib/_stream_writable.js:390:139)\n' +
    '    at writeOrBuffer (/var/www/Cosaif/node_modules/readable-stream/lib/_stream_writable.js:381:5)\n' +
    '    at Writable.write (/var/www/Cosaif/node_modules/readable-stream/lib/_stream_writable.js:302:11)\n' +
    '    at DerivedLogger.ondata (/var/www/Cosaif/node_modules/readable-stream/lib/_stream_readable.js:629:20)\n' +
    '    at DerivedLogger.emit (node:events:536:35)\n' +
    '    at addChunk (/var/www/Cosaif/node_modules/readable-stream/lib/_stream_readable.js:279:12)',
  exception: true,
  date: 'Thu Jul 24 2025 16:40:31 GMT+0000 (Coordinated Universal Time)',
  process: {
    pid: 274435,
    uid: 0,
    gid: 0,
    cwd: '/var/www/Cosaif',
    execPath: '/usr/bin/node',
    version: 'v20.19.2',
    argv: [
      '/usr/bin/node',
      '/usr/lib/node_modules/pm2/lib/ProcessContainerFork.js'
    ],
    memoryUsage: {
      rss: 108068864,
      heapTotal: 56942592,
      heapUsed: 24072312,
      external: 3031462,
      arrayBuffers: 514884
    }
  },
  os: { loadavg: [ 0.66, 0.16, 0.05 ], uptime: 2508630.1 },
  trace: [
    {
      column: 12,
      file: '/var/www/Cosaif/node_modules/readable-stream/lib/_stream_writable.js',
      function: 'writeAfterEnd',
      line: 264,
      method: null,
      native: false
    },
    {
      column: 21,
      file: '/var/www/Cosaif/node_modules/readable-stream/lib/_stream_writable.js',
      function: 'Writable.write',
      line: 300,
      method: 'write',
      native: false
    },
    {
      column: 34,
      file: '/var/www/Cosaif/node_modules/winston/lib/winston/transports/file.js',
      function: 'File.log',
      line: 222,
      method: 'log',
      native: false
    },
    {
      column: 29,
      file: '/var/www/Cosaif/node_modules/winston/lib/winston/rejection-stream.js',
      function: 'RejectionStream._write',
      line: 46,
      method: '_write',
      native: false
    },
    {
      column: 139,
      file: '/var/www/Cosaif/node_modules/readable-stream/lib/_stream_writable.js',
      function: 'doWrite',
      line: 390,
      method: null,
      native: false
    },
    {
      column: 5,
      file: '/var/www/Cosaif/node_modules/readable-stream/lib/_stream_writable.js',
      function: 'writeOrBuffer',
      line: 381,
      method: null,
      native: false
    },
    {
      column: 11,
      file: '/var/www/Cosaif/node_modules/readable-stream/lib/_stream_writable.js',
      function: 'Writable.write',
      line: 302,
      method: 'write',
      native: false
    },
    {
      column: 20,
      file: '/var/www/Cosaif/node_modules/readable-stream/lib/_stream_readable.js',
      function: 'DerivedLogger.ondata',
      line: 629,
      method: 'ondata',
      native: false
    },
    {
      column: 35,
      file: 'node:events',
      function: 'DerivedLogger.emit',
      line: 536,
      method: 'emit',
      native: false
    },
    {
      column: 12,
      file: '/var/www/Cosaif/node_modules/readable-stream/lib/_stream_readable.js',
      function: 'addChunk',
      line: 279,
      method: null,
      native: false
    }
  ],
  service: 'IncidenteModel',
  module: 'Movimientos/Incidente',
  timestamp: '2025-07-24 16:40:31'
}
{
  error: NodeError: write after end
      at writeAfterEnd (/var/www/Cosaif/node_modules/readable-stream/lib/_stream_writable.js:264:12)
      at Writable.write (/var/www/Cosaif/node_modules/readable-stream/lib/_stream_writable.js:300:21)
      at File.log (/var/www/Cosaif/node_modules/winston/lib/winston/transports/file.js:222:34)
      at RejectionStream._write (/var/www/Cosaif/node_modules/winston/lib/winston/rejection-stream.js:46:29)
      at doWrite (/var/www/Cosaif/node_modules/readable-stream/lib/_stream_writable.js:390:139)
      at writeOrBuffer (/var/www/Cosaif/node_modules/readable-stream/lib/_stream_writable.js:381:5)
      at Writable.write (/var/www/Cosaif/node_modules/readable-stream/lib/_stream_writable.js:302:11)
      at DerivedLogger.ondata (/var/www/Cosaif/node_modules/readable-stream/lib/_stream_readable.js:629:20)
      at DerivedLogger.emit (node:events:536:35)
      at addChunk (/var/www/Cosaif/node_modules/readable-stream/lib/_stream_readable.js:279:12),
  level: 'error',
  message: 'uncaughtException: write after end\n' +
    'Error: write after end\n' +
    '    at writeAfterEnd (/var/www/Cosaif/node_modules/readable-stream/lib/_stream_writable.js:264:12)\n' +
    '    at Writable.write (/var/www/Cosaif/node_modules/readable-stream/lib/_stream_writable.js:300:21)\n' +
    '    at File.log (/var/www/Cosaif/node_modules/winston/lib/winston/transports/file.js:222:34)\n' +
    '    at RejectionStream._write (/var/www/Cosaif/node_modules/winston/lib/winston/rejection-stream.js:46:29)\n' +
    '    at doWrite (/var/www/Cosaif/node_modules/readable-stream/lib/_stream_writable.js:390:139)\n' +
    '    at writeOrBuffer (/var/www/Cosaif/node_modules/readable-stream/lib/_stream_writable.js:381:5)\n' +
    '    at Writable.write (/var/www/Cosaif/node_modules/readable-stream/lib/_stream_writable.js:302:11)\n' +
    '    at DerivedLogger.ondata (/var/www/Cosaif/node_modules/readable-stream/lib/_stream_readable.js:629:20)\n' +
    '    at DerivedLogger.emit (node:events:536:35)\n' +
    '    at addChunk (/var/www/Cosaif/node_modules/readable-stream/lib/_stream_readable.js:279:12)',
  stack: 'Error: write after end\n' +
    '    at writeAfterEnd (/var/www/Cosaif/node_modules/readable-stream/lib/_stream_writable.js:264:12)\n' +
    '    at Writable.write (/var/www/Cosaif/node_modules/readable-stream/lib/_stream_writable.js:300:21)\n' +
    '    at File.log (/var/www/Cosaif/node_modules/winston/lib/winston/transports/file.js:222:34)\n' +
    '    at RejectionStream._write (/var/www/Cosaif/node_modules/winston/lib/winston/rejection-stream.js:46:29)\n' +
    '    at doWrite (/var/www/Cosaif/node_modules/readable-stream/lib/_stream_writable.js:390:139)\n' +
    '    at writeOrBuffer (/var/www/Cosaif/node_modules/readable-stream/lib/_stream_writable.js:381:5)\n' +
    '    at Writable.write (/var/www/Cosaif/node_modules/readable-stream/lib/_stream_writable.js:302:11)\n' +
    '    at DerivedLogger.ondata (/var/www/Cosaif/node_modules/readable-stream/lib/_stream_readable.js:629:20)\n' +
    '    at DerivedLogger.emit (node:events:536:35)\n' +
    '    at addChunk (/var/www/Cosaif/node_modules/readable-stream/lib/_stream_readable.js:279:12)',
  exception: true,
  date: 'Thu Jul 24 2025 16:40:31 GMT+0000 (Coordinated Universal Time)',
  process: {
    pid: 274446,
    uid: 0,
    gid: 0,
    cwd: '/var/www/Cosaif',
    execPath: '/usr/bin/node',
    version: 'v20.19.2',
    argv: [
      '/usr/bin/node',
      '/usr/lib/node_modules/pm2/lib/ProcessContainerFork.js'
    ],
    memoryUsage: {
      rss: 108625920,
      heapTotal: 57204736,
      heapUsed: 23858888,
      external: 3031267,
      arrayBuffers: 514689
    }
  },
  os: { loadavg: [ 0.66, 0.16, 0.05 ], uptime: 2508630.65 },
  trace: [
    {
      column: 12,
      file: '/var/www/Cosaif/node_modules/readable-stream/lib/_stream_writable.js',
      function: 'writeAfterEnd',
      line: 264,
      method: null,
      native: false
    },
    {
      column: 21,
      file: '/var/www/Cosaif/node_modules/readable-stream/lib/_stream_writable.js',
      function: 'Writable.write',
      line: 300,
      method: 'write',
      native: false
    },
    {
      column: 34,
      file: '/var/www/Cosaif/node_modules/winston/lib/winston/transports/file.js',
      function: 'File.log',
      line: 222,
      method: 'log',
      native: false
    },
    {
      column: 29,
      file: '/var/www/Cosaif/node_modules/winston/lib/winston/rejection-stream.js',
      function: 'RejectionStream._write',
      line: 46,
      method: '_write',
      native: false
    },
    {
      column: 139,
      file: '/var/www/Cosaif/node_modules/readable-stream/lib/_stream_writable.js',
      function: 'doWrite',
      line: 390,
      method: null,
      native: false
    },
    {
      column: 5,
      file: '/var/www/Cosaif/node_modules/readable-stream/lib/_stream_writable.js',
      function: 'writeOrBuffer',
      line: 381,
      method: null,
      native: false
    },
    {
      column: 11,
      file: '/var/www/Cosaif/node_modules/readable-stream/lib/_stream_writable.js',
      function: 'Writable.write',
      line: 302,
      method: 'write',
      native: false
    },
    {
      column: 20,
      file: '/var/www/Cosaif/node_modules/readable-stream/lib/_stream_readable.js',
      function: 'DerivedLogger.ondata',
      line: 629,
      method: 'ondata',
      native: false
    },
    {
      column: 35,
      file: 'node:events',
      function: 'DerivedLogger.emit',
      line: 536,
      method: 'emit',
      native: false
    },
    {
      column: 12,
      file: '/var/www/Cosaif/node_modules/readable-stream/lib/_stream_readable.js',
      function: 'addChunk',
      line: 279,
      method: null,
      native: false
    }
  ],
  service: 'IncidenteModel',
  module: 'Movimientos/Incidente',
  timestamp: '2025-07-24 16:40:31'
}
{
  error: NodeError: write after end
      at writeAfterEnd (/var/www/Cosaif/node_modules/readable-stream/lib/_stream_writable.js:264:12)
      at Writable.write (/var/www/Cosaif/node_modules/readable-stream/lib/_stream_writable.js:300:21)
      at File.log (/var/www/Cosaif/node_modules/winston/lib/winston/transports/file.js:222:34)
      at RejectionStream._write (/var/www/Cosaif/node_modules/winston/lib/winston/rejection-stream.js:46:29)
      at doWrite (/var/www/Cosaif/node_modules/readable-stream/lib/_stream_writable.js:390:139)
      at writeOrBuffer (/var/www/Cosaif/node_modules/readable-stream/lib/_stream_writable.js:381:5)
      at Writable.write (/var/www/Cosaif/node_modules/readable-stream/lib/_stream_writable.js:302:11)
      at DerivedLogger.ondata (/var/www/Cosaif/node_modules/readable-stream/lib/_stream_readable.js:629:20)
      at DerivedLogger.emit (node:events:536:35)
      at addChunk (/var/www/Cosaif/node_modules/readable-stream/lib/_stream_readable.js:279:12),
  level: 'error',
  message: 'uncaughtException: write after end\n' +
    'Error: write after end\n' +
    '    at writeAfterEnd (/var/www/Cosaif/node_modules/readable-stream/lib/_stream_writable.js:264:12)\n' +
    '    at Writable.write (/var/www/Cosaif/node_modules/readable-stream/lib/_stream_writable.js:300:21)\n' +
    '    at File.log (/var/www/Cosaif/node_modules/winston/lib/winston/transports/file.js:222:34)\n' +
    '    at RejectionStream._write (/var/www/Cosaif/node_modules/winston/lib/winston/rejection-stream.js:46:29)\n' +
    '    at doWrite (/var/www/Cosaif/node_modules/readable-stream/lib/_stream_writable.js:390:139)\n' +
    '    at writeOrBuffer (/var/www/Cosaif/node_modules/readable-stream/lib/_stream_writable.js:381:5)\n' +
    '    at Writable.write (/var/www/Cosaif/node_modules/readable-stream/lib/_stream_writable.js:302:11)\n' +
    '    at DerivedLogger.ondata (/var/www/Cosaif/node_modules/readable-stream/lib/_stream_readable.js:629:20)\n' +
    '    at DerivedLogger.emit (node:events:536:35)\n' +
    '    at addChunk (/var/www/Cosaif/node_modules/readable-stream/lib/_stream_readable.js:279:12)',
  stack: 'Error: write after end\n' +
    '    at writeAfterEnd (/var/www/Cosaif/node_modules/readable-stream/lib/_stream_writable.js:264:12)\n' +
    '    at Writable.write (/var/www/Cosaif/node_modules/readable-stream/lib/_stream_writable.js:300:21)\n' +
    '    at File.log (/var/www/Cosaif/node_modules/winston/lib/winston/transports/file.js:222:34)\n' +
    '    at RejectionStream._write (/var/www/Cosaif/node_modules/winston/lib/winston/rejection-stream.js:46:29)\n' +
    '    at doWrite (/var/www/Cosaif/node_modules/readable-stream/lib/_stream_writable.js:390:139)\n' +
    '    at writeOrBuffer (/var/www/Cosaif/node_modules/readable-stream/lib/_stream_writable.js:381:5)\n' +
    '    at Writable.write (/var/www/Cosaif/node_modules/readable-stream/lib/_stream_writable.js:302:11)\n' +
    '    at DerivedLogger.ondata (/var/www/Cosaif/node_modules/readable-stream/lib/_stream_readable.js:629:20)\n' +
    '    at DerivedLogger.emit (node:events:536:35)\n' +
    '    at addChunk (/var/www/Cosaif/node_modules/readable-stream/lib/_stream_readable.js:279:12)',
  exception: true,
  date: 'Thu Jul 24 2025 16:40:36 GMT+0000 (Coordinated Universal Time)',
  process: {
    pid: 274497,
    uid: 0,
    gid: 0,
    cwd: '/var/www/Cosaif',
    execPath: '/usr/bin/node',
    version: 'v20.19.2',
    argv: [
      '/usr/bin/node',
      '/usr/lib/node_modules/pm2/lib/ProcessContainerFork.js'
    ],
    memoryUsage: {
      rss: 109002752,
      heapTotal: 56942592,
      heapUsed: 23164432,
      external: 2970757,
      arrayBuffers: 454179
    }
  },
  os: { loadavg: [ 0.68, 0.18, 0.05 ], uptime: 2508635.62 },
  trace: [
    {
      column: 12,
      file: '/var/www/Cosaif/node_modules/readable-stream/lib/_stream_writable.js',
      function: 'writeAfterEnd',
      line: 264,
      method: null,
      native: false
    },
    {
      column: 21,
      file: '/var/www/Cosaif/node_modules/readable-stream/lib/_stream_writable.js',
      function: 'Writable.write',
      line: 300,
      method: 'write',
      native: false
    },
    {
      column: 34,
      file: '/var/www/Cosaif/node_modules/winston/lib/winston/transports/file.js',
      function: 'File.log',
      line: 222,
      method: 'log',
      native: false
    },
    {
      column: 29,
      file: '/var/www/Cosaif/node_modules/winston/lib/winston/rejection-stream.js',
      function: 'RejectionStream._write',
      line: 46,
      method: '_write',
      native: false
    },
    {
      column: 139,
      file: '/var/www/Cosaif/node_modules/readable-stream/lib/_stream_writable.js',
      function: 'doWrite',
      line: 390,
      method: null,
      native: false
    },
    {
      column: 5,
      file: '/var/www/Cosaif/node_modules/readable-stream/lib/_stream_writable.js',
      function: 'writeOrBuffer',
      line: 381,
      method: null,
      native: false
    },
    {
      column: 11,
      file: '/var/www/Cosaif/node_modules/readable-stream/lib/_stream_writable.js',
      function: 'Writable.write',
      line: 302,
      method: 'write',
      native: false
    },
    {
      column: 20,
      file: '/var/www/Cosaif/node_modules/readable-stream/lib/_stream_readable.js',
      function: 'DerivedLogger.ondata',
      line: 629,
      method: 'ondata',
      native: false
    },
    {
      column: 35,
      file: 'node:events',
      function: 'DerivedLogger.emit',
      line: 536,
      method: 'emit',
      native: false
    },
    {
      column: 12,
      file: '/var/www/Cosaif/node_modules/readable-stream/lib/_stream_readable.js',
      function: 'addChunk',
      line: 279,
      method: null,
      native: false
    }
  ],
  service: 'IncidenteModel',
  module: 'Movimientos/Incidente',
  timestamp: '2025-07-24 16:40:36'
}
{
  error: Error: listen EADDRINUSE: address already in use 0.0.0.0:3000
      at Server.setupListenHandle [as _listen2] (node:net:1908:16)
      at listenInCluster (node:net:1965:12)
      at doListen (node:net:2139:7)
      at processTicksAndRejections (node:internal/process/task_queues:83:21) {
    code: 'EADDRINUSE',
    errno: -48,
    syscall: 'listen',
    address: '0.0.0.0',
    port: 3000
  },
  level: 'error',
  message: 'uncaughtException: listen EADDRINUSE: address already in use 0.0.0.0:3000\n' +
    'Error: listen EADDRINUSE: address already in use 0.0.0.0:3000\n' +
    '    at Server.setupListenHandle [as _listen2] (node:net:1908:16)\n' +
    '    at listenInCluster (node:net:1965:12)\n' +
    '    at doListen (node:net:2139:7)\n' +
    '    at processTicksAndRejections (node:internal/process/task_queues:83:21)',
  stack: 'Error: listen EADDRINUSE: address already in use 0.0.0.0:3000\n' +
    '    at Server.setupListenHandle [as _listen2] (node:net:1908:16)\n' +
    '    at listenInCluster (node:net:1965:12)\n' +
    '    at doListen (node:net:2139:7)\n' +
    '    at processTicksAndRejections (node:internal/process/task_queues:83:21)',
  exception: true,
  date: 'Wed Mar 18 2026 12:30:26 GMT-0600 (Central Standard Time)',
  process: {
    pid: 23193,
    uid: 501,
    gid: 20,
    cwd: '/Users/viankodesarrollo/Desktop/Sistemas/eco/BackCosaif',
    execPath: '/Users/viankodesarrollo/.nvm/versions/node/v20.19.2/bin/node',
    version: 'v20.19.2',
    argv: [
      '/Users/viankodesarrollo/.nvm/versions/node/v20.19.2/bin/node',
      'index.ts'
    ],
    memoryUsage: {
      rss: 131317760,
      heapTotal: 72384512,
      heapUsed: 51939528,
      external: 2659077,
      arrayBuffers: 63431
    }
  },
  os: {
    loadavg: [ 3.1640625, 3.1103515625, 7.60791015625 ],
    uptime: 15414
  },
  trace: [
    {
      column: 16,
      file: 'node:net',
      function: 'Server.setupListenHandle [as _listen2]',
      line: 1908,
      method: 'setupListenHandle [as _listen2]',
      native: false
    },
    {
      column: 12,
      file: 'node:net',
      function: 'listenInCluster',
      line: 1965,
      method: null,
      native: false
    },
    {
      column: 7,
      file: 'node:net',
      function: 'doListen',
      line: 2139,
      method: null,
      native: false
    },
    {
      column: 21,
      file: 'node:internal/process/task_queues',
      function: 'processTicksAndRejections',
      line: 83,
      method: null,
      native: false
    }
  ],
  service: 'IncidenteModel',
  module: 'Movimientos/Incidente',
  timestamp: '2026-03-18 12:30:26'
}
{
  error: Error: listen EADDRINUSE: address already in use 0.0.0.0:3000
      at Server.setupListenHandle [as _listen2] (node:net:1908:16)
      at listenInCluster (node:net:1965:12)
      at doListen (node:net:2139:7)
      at processTicksAndRejections (node:internal/process/task_queues:83:21) {
    code: 'EADDRINUSE',
    errno: -48,
    syscall: 'listen',
    address: '0.0.0.0',
    port: 3000
  },
  level: 'error',
  message: 'uncaughtException: listen EADDRINUSE: address already in use 0.0.0.0:3000\n' +
    'Error: listen EADDRINUSE: address already in use 0.0.0.0:3000\n' +
    '    at Server.setupListenHandle [as _listen2] (node:net:1908:16)\n' +
    '    at listenInCluster (node:net:1965:12)\n' +
    '    at doListen (node:net:2139:7)\n' +
    '    at processTicksAndRejections (node:internal/process/task_queues:83:21)',
  stack: 'Error: listen EADDRINUSE: address already in use 0.0.0.0:3000\n' +
    '    at Server.setupListenHandle [as _listen2] (node:net:1908:16)\n' +
    '    at listenInCluster (node:net:1965:12)\n' +
    '    at doListen (node:net:2139:7)\n' +
    '    at processTicksAndRejections (node:internal/process/task_queues:83:21)',
  exception: true,
  date: 'Wed Mar 18 2026 17:31:12 GMT-0600 (Central Standard Time)',
  process: {
    pid: 88246,
    uid: 501,
    gid: 20,
    cwd: '/Users/viankodesarrollo/Desktop/Sistemas/eco/BackCosaif',
    execPath: '/Users/viankodesarrollo/.nvm/versions/node/v20.19.2/bin/node',
    version: 'v20.19.2',
    argv: [
      '/Users/viankodesarrollo/.nvm/versions/node/v20.19.2/bin/node',
      'index.ts'
    ],
    memoryUsage: {
      rss: 131432448,
      heapTotal: 72646656,
      heapUsed: 48145024,
      external: 2659077,
      arrayBuffers: 63431
    }
  },
  os: {
    loadavg: [ 4.1337890625, 4.9716796875, 4.83837890625 ],
    uptime: 33460
  },
  trace: [
    {
      column: 16,
      file: 'node:net',
      function: 'Server.setupListenHandle [as _listen2]',
      line: 1908,
      method: 'setupListenHandle [as _listen2]',
      native: false
    },
    {
      column: 12,
      file: 'node:net',
      function: 'listenInCluster',
      line: 1965,
      method: null,
      native: false
    },
    {
      column: 7,
      file: 'node:net',
      function: 'doListen',
      line: 2139,
      method: null,
      native: false
    },
    {
      column: 21,
      file: 'node:internal/process/task_queues',
      function: 'processTicksAndRejections',
      line: 83,
      method: null,
      native: false
    }
  ],
  service: 'IncidenteModel',
  module: 'Movimientos/Incidente',
  timestamp: '2026-03-18 17:31:12'
}
{
  error: Error: listen EADDRINUSE: address already in use 0.0.0.0:3000
      at Server.setupListenHandle [as _listen2] (node:net:1908:16)
      at listenInCluster (node:net:1965:12)
      at doListen (node:net:2139:7)
      at processTicksAndRejections (node:internal/process/task_queues:83:21) {
    code: 'EADDRINUSE',
    errno: -48,
    syscall: 'listen',
    address: '0.0.0.0',
    port: 3000
  },
  level: 'error',
  message: 'uncaughtException: listen EADDRINUSE: address already in use 0.0.0.0:3000\n' +
    'Error: listen EADDRINUSE: address already in use 0.0.0.0:3000\n' +
    '    at Server.setupListenHandle [as _listen2] (node:net:1908:16)\n' +
    '    at listenInCluster (node:net:1965:12)\n' +
    '    at doListen (node:net:2139:7)\n' +
    '    at processTicksAndRejections (node:internal/process/task_queues:83:21)',
  stack: 'Error: listen EADDRINUSE: address already in use 0.0.0.0:3000\n' +
    '    at Server.setupListenHandle [as _listen2] (node:net:1908:16)\n' +
    '    at listenInCluster (node:net:1965:12)\n' +
    '    at doListen (node:net:2139:7)\n' +
    '    at processTicksAndRejections (node:internal/process/task_queues:83:21)',
  exception: true,
  date: 'Wed Mar 18 2026 17:31:22 GMT-0600 (Central Standard Time)',
  process: {
    pid: 88318,
    uid: 501,
    gid: 20,
    cwd: '/Users/viankodesarrollo/Desktop/Sistemas/eco/BackCosaif',
    execPath: '/Users/viankodesarrollo/.nvm/versions/node/v20.19.2/bin/node',
    version: 'v20.19.2',
    argv: [
      '/Users/viankodesarrollo/.nvm/versions/node/v20.19.2/bin/node',
      'index.ts'
    ],
    memoryUsage: {
      rss: 131776512,
      heapTotal: 72646656,
      heapUsed: 49331120,
      external: 2659077,
      arrayBuffers: 63431
    }
  },
  os: {
    loadavg: [ 4.04296875, 4.9384765625, 4.8271484375 ],
    uptime: 33470
  },
  trace: [
    {
      column: 16,
      file: 'node:net',
      function: 'Server.setupListenHandle [as _listen2]',
      line: 1908,
      method: 'setupListenHandle [as _listen2]',
      native: false
    },
    {
      column: 12,
      file: 'node:net',
      function: 'listenInCluster',
      line: 1965,
      method: null,
      native: false
    },
    {
      column: 7,
      file: 'node:net',
      function: 'doListen',
      line: 2139,
      method: null,
      native: false
    },
    {
      column: 21,
      file: 'node:internal/process/task_queues',
      function: 'processTicksAndRejections',
      line: 83,
      method: null,
      native: false
    }
  ],
  service: 'IncidenteModel',
  module: 'Movimientos/Incidente',
  timestamp: '2026-03-18 17:31:22'
}
{
  error: Error: listen EADDRINUSE: address already in use 0.0.0.0:3000
      at Server.setupListenHandle [as _listen2] (node:net:1908:16)
      at listenInCluster (node:net:1965:12)
      at doListen (node:net:2139:7)
      at processTicksAndRejections (node:internal/process/task_queues:83:21) {
    code: 'EADDRINUSE',
    errno: -48,
    syscall: 'listen',
    address: '0.0.0.0',
    port: 3000
  },
  level: 'error',
  message: 'uncaughtException: listen EADDRINUSE: address already in use 0.0.0.0:3000\n' +
    'Error: listen EADDRINUSE: address already in use 0.0.0.0:3000\n' +
    '    at Server.setupListenHandle [as _listen2] (node:net:1908:16)\n' +
    '    at listenInCluster (node:net:1965:12)\n' +
    '    at doListen (node:net:2139:7)\n' +
    '    at processTicksAndRejections (node:internal/process/task_queues:83:21)',
  stack: 'Error: listen EADDRINUSE: address already in use 0.0.0.0:3000\n' +
    '    at Server.setupListenHandle [as _listen2] (node:net:1908:16)\n' +
    '    at listenInCluster (node:net:1965:12)\n' +
    '    at doListen (node:net:2139:7)\n' +
    '    at processTicksAndRejections (node:internal/process/task_queues:83:21)',
  exception: true,
  date: 'Wed Mar 18 2026 17:32:20 GMT-0600 (Central Standard Time)',
  process: {
    pid: 88604,
    uid: 501,
    gid: 20,
    cwd: '/Users/viankodesarrollo/Desktop/Sistemas/eco/BackCosaif',
    execPath: '/Users/viankodesarrollo/.nvm/versions/node/v20.19.2/bin/node',
    version: 'v20.19.2',
    argv: [
      '/Users/viankodesarrollo/.nvm/versions/node/v20.19.2/bin/node',
      'index.ts'
    ],
    memoryUsage: {
      rss: 131514368,
      heapTotal: 73170944,
      heapUsed: 48983984,
      external: 2659077,
      arrayBuffers: 63431
    }
  },
  os: {
    loadavg: [ 2.62451171875, 4.3701171875, 4.62109375 ],
    uptime: 33528
  },
  trace: [
    {
      column: 16,
      file: 'node:net',
      function: 'Server.setupListenHandle [as _listen2]',
      line: 1908,
      method: 'setupListenHandle [as _listen2]',
      native: false
    },
    {
      column: 12,
      file: 'node:net',
      function: 'listenInCluster',
      line: 1965,
      method: null,
      native: false
    },
    {
      column: 7,
      file: 'node:net',
      function: 'doListen',
      line: 2139,
      method: null,
      native: false
    },
    {
      column: 21,
      file: 'node:internal/process/task_queues',
      function: 'processTicksAndRejections',
      line: 83,
      method: null,
      native: false
    }
  ],
  service: 'IncidenteModel',
  module: 'Movimientos/Incidente',
  timestamp: '2026-03-18 17:32:20'
}
{
  error: Error: listen EADDRINUSE: address already in use 0.0.0.0:3000
      at Server.setupListenHandle [as _listen2] (node:net:1908:16)
      at listenInCluster (node:net:1965:12)
      at doListen (node:net:2139:7)
      at processTicksAndRejections (node:internal/process/task_queues:83:21) {
    code: 'EADDRINUSE',
    errno: -48,
    syscall: 'listen',
    address: '0.0.0.0',
    port: 3000
  },
  level: 'error',
  message: 'uncaughtException: listen EADDRINUSE: address already in use 0.0.0.0:3000\n' +
    'Error: listen EADDRINUSE: address already in use 0.0.0.0:3000\n' +
    '    at Server.setupListenHandle [as _listen2] (node:net:1908:16)\n' +
    '    at listenInCluster (node:net:1965:12)\n' +
    '    at doListen (node:net:2139:7)\n' +
    '    at processTicksAndRejections (node:internal/process/task_queues:83:21)',
  stack: 'Error: listen EADDRINUSE: address already in use 0.0.0.0:3000\n' +
    '    at Server.setupListenHandle [as _listen2] (node:net:1908:16)\n' +
    '    at listenInCluster (node:net:1965:12)\n' +
    '    at doListen (node:net:2139:7)\n' +
    '    at processTicksAndRejections (node:internal/process/task_queues:83:21)',
  exception: true,
  date: 'Wed Mar 18 2026 17:35:44 GMT-0600 (Central Standard Time)',
  process: {
    pid: 92175,
    uid: 501,
    gid: 20,
    cwd: '/Users/viankodesarrollo/Desktop/Sistemas/eco/BackCosaif',
    execPath: '/Users/viankodesarrollo/.nvm/versions/node/v20.19.2/bin/node',
    version: 'v20.19.2',
    argv: [
      '/Users/viankodesarrollo/.nvm/versions/node/v20.19.2/bin/node',
      'index.ts'
    ],
    memoryUsage: {
      rss: 133365760,
      heapTotal: 75005952,
      heapUsed: 41703960,
      external: 2659077,
      arrayBuffers: 63431
    }
  },
  os: {
    loadavg: [ 5.4521484375, 3.99609375, 4.3486328125 ],
    uptime: 33732
  },
  trace: [
    {
      column: 16,
      file: 'node:net',
      function: 'Server.setupListenHandle [as _listen2]',
      line: 1908,
      method: 'setupListenHandle [as _listen2]',
      native: false
    },
    {
      column: 12,
      file: 'node:net',
      function: 'listenInCluster',
      line: 1965,
      method: null,
      native: false
    },
    {
      column: 7,
      file: 'node:net',
      function: 'doListen',
      line: 2139,
      method: null,
      native: false
    },
    {
      column: 21,
      file: 'node:internal/process/task_queues',
      function: 'processTicksAndRejections',
      line: 83,
      method: null,
      native: false
    }
  ],
  service: 'IncidenteModel',
  module: 'Movimientos/Incidente',
  timestamp: '2026-03-18 17:35:44'
}
